// Jest Snapshot v1, https://goo.gl/fbAQLP

exports[`<Button /> Button 컴포넌트 렌더링 1`] = `
<div>
  <button
    class="sc-bdnxRM kVRuzd custom-button"
  >
    버튼
  </button>
</div>
`;
